// Jest Snapshot v1, https://goo.gl/fbAQLP

exports[`<Span/> matches snpashot 1`] = `"<span width=\\"auto\\" display=\\"inline\\" class=\\"Span__StyledSpan-sc-10y5m6u-0 jaanRG big\\">test</span>"`;
