// Jest Snapshot v1, https://goo.gl/fbAQLP

exports[`<Textarea/> matches snpashot 1`] = `"<textarea rows=\\"2\\" font-size=\\"2rem\\" placeholder=\\"Title\\" class=\\"Textarea__StyledTextArea-o90l14-0 duiURD\\"></textarea>"`;
