// Jest Snapshot v1, https://goo.gl/fbAQLP

exports[`<MemoView/> matches snpashot 1`] = `"<section class=\\"MemoView__StyledMemoView-sc-2dzfig-0 cOrwwB\\"><div class=\\"TitleView__StyledTitleView-sc-18c7sy9-0 bPlOFX\\"><span width=\\"auto\\" display=\\"inline\\" class=\\"Span__StyledSpan-sc-10y5m6u-0 jaanRG title\\">test</span><span width=\\"auto\\" display=\\"inline\\" class=\\"Span__StyledSpan-sc-10y5m6u-0 jaanRG small\\">test</span></div><div class=\\"MainView__StyledMainView-sc-1f2rj8k-0 iyqmxW\\"><span width=\\"auto\\" display=\\"block\\" class=\\"Span__StyledSpan-sc-10y5m6u-0 ftDQbL normal\\">test</span></div><div class=\\"MemoView__ButtonContainer-sc-2dzfig-1 isNdqB\\"><button color=\\"green\\" class=\\"Button__StyledButton-hxb5gx-0 kaJctj\\">Update</button><button color=\\"red\\" class=\\"Button__StyledButton-hxb5gx-0 jwwHFX\\">Remove</button></div></section>"`;
