// Jest Snapshot v1, https://goo.gl/fbAQLP

exports[`<MemoEditor/> matches snpashot 1`] = `"<section class=\\"MemoEditor__StyledMemoEditor-sc-1v94iyx-0 iDZeE\\"><div class=\\"TitleText__StyledTitleText-sc-5531il-0 bvunhV\\"><textarea rows=\\"2\\" font-size=\\"2rem\\" placeholder=\\"Title\\" class=\\"Textarea__StyledTextArea-o90l14-0 duiURD\\"></textarea><div class=\\"TitleText__Count-sc-5531il-1 hyqDxi\\"><span color=\\"black\\" width=\\"auto\\" display=\\"inline\\" class=\\"Span__StyledSpan-sc-10y5m6u-0 jaanRG normal\\">0/40</span></div></div><div class=\\"MainText__StyledMainText-sc-17zmbb-0 dgfvXV\\"><textarea rows=\\"10\\" font-size=\\"1.2rem\\" placeholder=\\"Contents\\" class=\\"Textarea__StyledTextArea-o90l14-0 kGrAoo\\"></textarea><span color=\\"black\\" width=\\"auto\\" display=\\"inline\\" class=\\"Span__StyledSpan-sc-10y5m6u-0 jaanRG normal\\">0/500</span></div><div class=\\"MemoEditor__SelectContainer-sc-1v94iyx-1 cVnUje\\"><article class=\\"Select__Container-sc-1dr9cr-0 kPhMeR\\"><div class=\\"Select__DefaultText-sc-1dr9cr-1 jGhHrZ selected-text\\">Select Kind of Memo!</div></article></div><button color=\\"#3399ff\\" class=\\"Button__StyledButton-hxb5gx-0 dfmXPz\\">save</button></section>"`;
