// Jest Snapshot v1, https://goo.gl/fbAQLP

exports[`<Navigation/> matches snpashot 1`] = `"<nav open=\\"\\" class=\\"Navigation__StyledNavigation-sc-1qkfpw4-0 djPKAE\\"><a class=\\"ListItem__StyledListItem-sc-1i7a48o-0 dUQKlR\\" href=\\"/test\\"><div class=\\"MemoTitle__StyledMemoTitle-e33wpr-0 cPfMRA\\"><span width=\\"auto\\" display=\\"inline\\" class=\\"Span__StyledSpan-sc-10y5m6u-0 dZpPqp small\\"></span><span width=\\"5.5em\\" display=\\"inline\\" class=\\"Span__StyledSpan-sc-10y5m6u-0 bvWVQT small\\">test</span></div><span width=\\"auto\\" display=\\"inline\\" class=\\"Span__StyledSpan-sc-10y5m6u-0 iExBFZ small\\">test</span></a></nav>"`;
