// Jest Snapshot v1, https://goo.gl/fbAQLP

exports[`<MainView/> matches snpashot 1`] = `"<div class=\\"MainView__StyledMainView-sc-1f2rj8k-0 iyqmxW\\"><span width=\\"auto\\" display=\\"block\\" class=\\"Span__StyledSpan-sc-10y5m6u-0 ftDQbL normal\\">test</span></div>"`;
