// Jest Snapshot v1, https://goo.gl/fbAQLP

exports[`<Select/> matches snpashot 1`] = `"<article class=\\"Select__Container-sc-1dr9cr-0 kPhMeR\\"><div class=\\"Select__DefaultText-sc-1dr9cr-1 jGhHrZ selected-text\\">Work</div></article>"`;
